eeschema (2011-06-28 BZR 3032)-testing  >> Creation date: Wed 21 Sep 2011 12:00:05 PM CEST

#Cmp ( order = Reference )
| C1         100nF       
| C2         100nF       
| C3         100nF       
| C4         1000uF      
| C5         100nF       
| C6         100uF       
| C7         22nF        
| C8         100nF       
| D1         LEDR        
| D2         LEDY        
| D3         LEDG        
| H1         MOUNT_HOLE  
| H2         MOUNT_HOLE  
| H3         MOUNT_HOLE  
| H4         MOUNT_HOLE  
| IC1        KB847       
| IC2        KB847       
| J1         USB-A       
| J2         CONN_4      
| J3         JP          
| J4         MAGJACK     
| J5         CONN_2      
| J6         JP          
| J7         JP_3        
| J8         POLOLU1201  
| J9         CONN_5      
| J10        CONN_4      
| J11        MBED NXP    
| J12        JP          
| J13        JP_3        
| J14        CONN_4      
| J15        JP          
| J16        JP_3        
| J17        POLOLU1201  
| J18        CONN_5      
| J19        JP          
| J20        JP_3        
| J21        JP          
| J22        JP_3        
| J23        POLOLU1201  
| J24        CONN_5      
| J25        JP          
| J26        JP_3        
| J27        CONN_4      
| J28        JP3         
| J29        CONN_4      
| J30        JP          
| J31        JP_3        
| J32        POLOLU1201  
| J33        CONN_5      
| J34        CONN_4      
| J35        JP          
| J36        JP_3        
| J37        CONN_4      
| J38        CONN_2      
| J39        CONN_4      
| J40        JP          
| Q1         TIP115      
| Q2         TIP115      
| R1         120R        
| R2         1K          
| R3         1K          
| R4         10K         
| R5         10K         
| R6         10K         
| R7         2K2         
| R8         2K2         
| R9         10K         
| R10        10k         
| R11        10K         
| R12        1k          
| R13        10K         
| R14        10K         
| R15        1k          
| R16        10K         
| R17        1k          
| R18        10k         
| R19        10k         
| R20        10K         
| R21        10k         
| R22        10k         
| R23        1K          
| R24        1K          
| R25        10K         
| R26        1K          
| R27        1K          
| R28        330R        
| R29        330R        
| R30        1k          
| R31        330R        
| R32        330R        
| U1         65HVD251    
| U2         SDCARD      
| U3         7805        
#End Cmp

#Cmp ( order = Value )
| 1000uF       C4        
| 100nF        C1        
| 100nF        C2        
| 100nF        C3        
| 100nF        C5        
| 100nF        C8        
| 100uF        C6        
| 10K          R4        
| 10K          R5        
| 10K          R6        
| 10K          R9        
| 10k          R10       
| 10K          R11       
| 10K          R13       
| 10K          R14       
| 10K          R16       
| 10k          R18       
| 10k          R19       
| 10K          R20       
| 10k          R21       
| 10k          R22       
| 10K          R25       
| 120R         R1        
| 1K           R2        
| 1K           R3        
| 1k           R12       
| 1k           R15       
| 1k           R17       
| 1K           R23       
| 1K           R24       
| 1K           R26       
| 1K           R27       
| 1k           R30       
| 22nF         C7        
| 2K2          R7        
| 2K2          R8        
| 330R         R28       
| 330R         R29       
| 330R         R31       
| 330R         R32       
| 65HVD251     U1        
| 7805         U3        
| CONN_2       J5        
| CONN_2       J38       
| CONN_4       J2        
| CONN_4       J10       
| CONN_4       J14       
| CONN_4       J27       
| CONN_4       J29       
| CONN_4       J34       
| CONN_4       J37       
| CONN_4       J39       
| CONN_5       J9        
| CONN_5       J18       
| CONN_5       J24       
| CONN_5       J33       
| JP           J3        
| JP           J6        
| JP           J12       
| JP           J15       
| JP           J19       
| JP           J21       
| JP           J25       
| JP           J30       
| JP           J35       
| JP           J40       
| JP3          J28       
| JP_3         J7        
| JP_3         J13       
| JP_3         J16       
| JP_3         J20       
| JP_3         J22       
| JP_3         J26       
| JP_3         J31       
| JP_3         J36       
| KB847        IC1       
| KB847        IC2       
| LEDG         D3        
| LEDR         D1        
| LEDY         D2        
| MAGJACK      J4        
| MBED NXP     J11       
| MOUNT_HOLE   H1        
| MOUNT_HOLE   H2        
| MOUNT_HOLE   H3        
| MOUNT_HOLE   H4        
| POLOLU1201   J8        
| POLOLU1201   J17       
| POLOLU1201   J23       
| POLOLU1201   J32       
| SDCARD       U2        
| TIP115       Q1        
| TIP115       Q2        
| USB-A        J1        
#End Cmp

#End List
